[INFO] Scanning for projects...
[INFO]
[INFO] --------------< com.distribuidora:distribuidora-backend >---------------
[INFO] Building distribuidora-backend 0.0.1-SNAPSHOT
[INFO]   from pom.xml
[INFO] --------------------------------[ jar ]---------------------------------
[INFO]
[INFO] >>> spring-boot:3.2.5:run (default-cli) > test-compile @ distribuidora-backend >>>
[INFO]
[INFO] --- resources:3.3.1:resources (default-resources) @ distribuidora-backend ---
[INFO] Copying 1 resource from src/main/resources to target/classes
[INFO] Copying 0 resource from src/main/resources to target/classes
[INFO]
[INFO] --- compiler:3.11.0:compile (default-compile) @ distribuidora-backend ---
[INFO] Nothing to compile - all classes are up to date
[INFO]
[INFO] --- resources:3.3.1:testResources (default-testResources) @ distribuidora-backend ---
[INFO] skip non existing resourceDirectory /app/src/test/resources
[INFO]
[INFO] --- compiler:3.11.0:testCompile (default-testCompile) @ distribuidora-backend ---
[INFO] Nothing to compile - all classes are up to date
[INFO]
[INFO] <<< spring-boot:3.2.5:run (default-cli) < test-compile @ distribuidora-backend <<<
[INFO]
[INFO]
[INFO] --- spring-boot:3.2.5:run (default-cli) @ distribuidora-backend ---
[INFO] Attaching agents: []

  .   ____          _            __ _ _
 /\\ / ___'_ __ _ _(_)_ __  __ _ \ \ \ \
( ( )\___ | '_ | '_| | '_ \/ _` | \ \ \ \
 \\/  ___)| |_)| | | | | || (_| |  ) ) ) )
  '  |____| .__|_| |_|_| |_\__, | / / / /
 =========|_|==============|___/=/_/_/_/
 :: Spring Boot ::                (v3.2.5)

2026-06-01T14:03:52.158Z  INFO 572480 --- [           main] c.d.DistribuidoraApplication             : Starting DistribuidoraApplication using Java 21.0.10 with PID 572480 (/app/target/classes started by jules in /app)
2026-06-01T14:03:52.163Z  INFO 572480 --- [           main] c.d.DistribuidoraApplication             : No active profile set, falling back to 1 default profile: "default"
2026-06-01T14:03:53.864Z  INFO 572480 --- [           main] .s.d.r.c.RepositoryConfigurationDelegate : Bootstrapping Spring Data JPA repositories in DEFAULT mode.
2026-06-01T14:03:54.028Z  INFO 572480 --- [           main] .s.d.r.c.RepositoryConfigurationDelegate : Finished Spring Data repository scanning in 140 ms. Found 5 JPA repository interfaces.
2026-06-01T14:03:55.398Z  INFO 572480 --- [           main] o.s.b.w.embedded.tomcat.TomcatWebServer  : Tomcat initialized with port 8080 (http)
2026-06-01T14:03:55.420Z  INFO 572480 --- [           main] o.apache.catalina.core.StandardService   : Starting service [Tomcat]
2026-06-01T14:03:55.421Z  INFO 572480 --- [           main] o.apache.catalina.core.StandardEngine    : Starting Servlet engine: [Apache Tomcat/10.1.20]
2026-06-01T14:03:55.502Z  INFO 572480 --- [           main] o.a.c.c.C.[Tomcat].[localhost].[/]       : Initializing Spring embedded WebApplicationContext
2026-06-01T14:03:55.504Z  INFO 572480 --- [           main] w.s.c.ServletWebServerApplicationContext : Root WebApplicationContext: initialization completed in 3206 ms
2026-06-01T14:03:55.731Z  INFO 572480 --- [           main] o.hibernate.jpa.internal.util.LogHelper  : HHH000204: Processing PersistenceUnitInfo [name: default]
2026-06-01T14:03:55.813Z  INFO 572480 --- [           main] org.hibernate.Version                    : HHH000412: Hibernate ORM core version 6.4.4.Final
2026-06-01T14:03:55.859Z  INFO 572480 --- [           main] o.h.c.internal.RegionFactoryInitiator    : HHH000026: Second-level cache disabled
2026-06-01T14:03:56.212Z  INFO 572480 --- [           main] o.s.o.j.p.SpringPersistenceUnitInfo      : No LoadTimeWeaver setup: ignoring JPA class transformer
2026-06-01T14:03:56.268Z  INFO 572480 --- [           main] com.zaxxer.hikari.HikariDataSource       : HikariPool-1 - Starting...
2026-06-01T14:03:56.697Z  INFO 572480 --- [           main] com.zaxxer.hikari.pool.HikariPool        : HikariPool-1 - Added connection com.mysql.cj.jdbc.ConnectionImpl@40f1aa95
2026-06-01T14:03:56.701Z  INFO 572480 --- [           main] com.zaxxer.hikari.HikariDataSource       : HikariPool-1 - Start completed.
2026-06-01T14:03:56.785Z  WARN 572480 --- [           main] org.hibernate.dialect.Dialect            : HHH000511: The 5.5.0 version for [org.hibernate.dialect.MySQLDialect] is no longer supported, hence certain features may not work properly. The minimum supported version is 8.0.0. Check the community dialects project for available legacy versions.
2026-06-01T14:03:56.793Z  WARN 572480 --- [           main] org.hibernate.orm.deprecation            : HHH90000025: MySQLDialect does not need to be specified explicitly using 'hibernate.dialect' (remove the property setting and it will be selected by default)
2026-06-01T14:03:58.125Z  INFO 572480 --- [           main] o.h.e.t.j.p.i.JtaPlatformInitiator       : HHH000489: No JTA platform available (set 'hibernate.transaction.jta.platform' to enable JTA platform integration)
2026-06-01T14:03:58.217Z  INFO 572480 --- [           main] j.LocalContainerEntityManagerFactoryBean : Initialized JPA EntityManagerFactory for persistence unit 'default'
2026-06-01T14:03:58.999Z  WARN 572480 --- [           main] JpaBaseConfiguration$JpaWebConfiguration : spring.jpa.open-in-view is enabled by default. Therefore, database queries may be performed during view rendering. Explicitly configure spring.jpa.open-in-view to disable this warning
2026-06-01T14:03:59.445Z  INFO 572480 --- [           main] o.s.s.web.DefaultSecurityFilterChain     : Will secure any request with [org.springframework.security.web.session.DisableEncodeUrlFilter@33b4c775, org.springframework.security.web.context.request.async.WebAsyncManagerIntegrationFilter@678b3746, org.springframework.security.web.context.SecurityContextHolderFilter@4446a191, org.springframework.security.web.header.HeaderWriterFilter@6a3c1b56, org.springframework.web.filter.CorsFilter@45689582, org.springframework.security.web.authentication.logout.LogoutFilter@7be9e9fc, com.distribuidora.backend.security.JwtAuthenticationFilter@49ea4b65, org.springframework.security.web.savedrequest.RequestCacheAwareFilter@5e0602ff, org.springframework.security.web.servletapi.SecurityContextHolderAwareRequestFilter@1a865ebf, org.springframework.security.web.authentication.AnonymousAuthenticationFilter@73db1a6, org.springframework.security.web.session.SessionManagementFilter@4110ffe5, org.springframework.security.web.access.ExceptionTranslationFilter@25134e01, org.springframework.security.web.access.intercept.AuthorizationFilter@7a05cdc8]
2026-06-01T14:03:59.769Z  INFO 572480 --- [           main] o.s.b.w.embedded.tomcat.TomcatWebServer  : Tomcat started on port 8080 (http) with context path ''
2026-06-01T14:03:59.778Z  INFO 572480 --- [           main] c.d.DistribuidoraApplication             : Started DistribuidoraApplication in 8.333 seconds (process running for 9.334)
Hibernate:
    select
        count(*)
    from
        usuarios u1_0
Hibernate:
    insert
    into
        usuarios
        (password, rol, username)
    values
        (?, ?, ?)
Hibernate:
    insert
    into
        usuarios
        (password, rol, username)
    values
        (?, ?, ?)
Usuarios de prueba creados: admin/admin123 (ADMIN), operador/operador123 (OPERADOR)
2026-06-01T14:04:42.663Z  INFO 572480 --- [nio-8080-exec-1] o.a.c.c.C.[Tomcat].[localhost].[/]       : Initializing Spring DispatcherServlet 'dispatcherServlet'
2026-06-01T14:04:42.663Z  INFO 572480 --- [nio-8080-exec-1] o.s.web.servlet.DispatcherServlet        : Initializing Servlet 'dispatcherServlet'
2026-06-01T14:04:42.665Z  INFO 572480 --- [nio-8080-exec-1] o.s.web.servlet.DispatcherServlet        : Completed initialization in 2 ms
Hibernate:
    select
        u1_0.id,
        u1_0.password,
        u1_0.rol,
        u1_0.username
    from
        usuarios u1_0
    where
        u1_0.username=?
Hibernate:
    select
        u1_0.id,
        u1_0.password,
        u1_0.rol,
        u1_0.username
    from
        usuarios u1_0
    where
        u1_0.username=?
Hibernate:
    select
        u1_0.id,
        u1_0.password,
        u1_0.rol,
        u1_0.username
    from
        usuarios u1_0
    where
        u1_0.username=?
Hibernate:
    select
        u1_0.id,
        u1_0.password,
        u1_0.rol,
        u1_0.username
    from
        usuarios u1_0
    where
        u1_0.username=?
Hibernate:
    select
        u1_0.id,
        u1_0.password,
        u1_0.rol,
        u1_0.username
    from
        usuarios u1_0
    where
        u1_0.username=?
Hibernate:
    select
        u1_0.id,
        u1_0.password,
        u1_0.rol,
        u1_0.username
    from
        usuarios u1_0
    where
        u1_0.username=?
Hibernate:
    select
        u1_0.id,
        u1_0.password,
        u1_0.rol,
        u1_0.username
    from
        usuarios u1_0
    where
        u1_0.username=?
Hibernate:
    select
        c1_0.id,
        c1_0.nombre,
        c1_0.telefono,
        c1_0.tipo,
        c1_0.version
    from
        clientes c1_0
Hibernate:
    select
        p1_0.id,
        p1_0.activo,
        p1_0.codigo,
        p1_0.descripcion,
        p1_0.nombre,
        p1_0.precio_mayorista,
        p1_0.precio_minorista,
        p1_0.stock_actual,
        p1_0.version
    from
        productos p1_0
Hibernate:
    select
        u1_0.id,
        u1_0.password,
        u1_0.rol,
        u1_0.username
    from
        usuarios u1_0
    where
        u1_0.username=?
Hibernate:
    select
        c1_0.id,
        c1_0.nombre,
        c1_0.telefono,
        c1_0.tipo,
        c1_0.version
    from
        clientes c1_0
Hibernate:
    select
        u1_0.id,
        u1_0.password,
        u1_0.rol,
        u1_0.username
    from
        usuarios u1_0
    where
        u1_0.username=?
Hibernate:
    select
        p1_0.id,
        p1_0.activo,
        p1_0.codigo,
        p1_0.descripcion,
        p1_0.nombre,
        p1_0.precio_mayorista,
        p1_0.precio_minorista,
        p1_0.stock_actual,
        p1_0.version
    from
        productos p1_0
Hibernate:
    select
        u1_0.id,
        u1_0.password,
        u1_0.rol,
        u1_0.username
    from
        usuarios u1_0
    where
        u1_0.username=?
Hibernate:
    select
        u1_0.id,
        u1_0.password,
        u1_0.rol,
        u1_0.username
    from
        usuarios u1_0
    where
        u1_0.username=?
Hibernate:
    select
        p1_0.id,
        p1_0.activo,
        p1_0.codigo,
        p1_0.descripcion,
        p1_0.nombre,
        p1_0.precio_mayorista,
        p1_0.precio_minorista,
        p1_0.stock_actual,
        p1_0.version
    from
        productos p1_0
Hibernate:
    select
        u1_0.id,
        u1_0.password,
        u1_0.rol,
        u1_0.username
    from
        usuarios u1_0
    where
        u1_0.username=?
Hibernate:
    select
        p1_0.id,
        p1_0.activo,
        p1_0.codigo,
        p1_0.descripcion,
        p1_0.nombre,
        p1_0.precio_mayorista,
        p1_0.precio_minorista,
        p1_0.stock_actual,
        p1_0.version
    from
        productos p1_0
Hibernate:
    select
        u1_0.id,
        u1_0.password,
        u1_0.rol,
        u1_0.username
    from
        usuarios u1_0
    where
        u1_0.username=?
Hibernate:
    select
        u1_0.id,
        u1_0.password,
        u1_0.rol,
        u1_0.username
    from
        usuarios u1_0
    where
        u1_0.username=?
Hibernate:
    select
        u1_0.id,
        u1_0.password,
        u1_0.rol,
        u1_0.username
    from
        usuarios u1_0
    where
        u1_0.username=?
Hibernate:
    select
        cd1_0.id,
        cd1_0.estado,
        cd1_0.fecha,
        cd1_0.ingresos_ventas,
        cd1_0.saldo_final,
        cd1_0.saldo_inicial
    from
        cajas_diarias cd1_0
    where
        cd1_0.fecha=?
Hibernate:
    select
        u1_0.id,
        u1_0.password,
        u1_0.rol,
        u1_0.username
    from
        usuarios u1_0
    where
        u1_0.username=?
Hibernate:
    select
        cd1_0.id,
        cd1_0.estado,
        cd1_0.fecha,
        cd1_0.ingresos_ventas,
        cd1_0.saldo_final,
        cd1_0.saldo_inicial
    from
        cajas_diarias cd1_0
    where
        cd1_0.fecha=?
Hibernate:
    select
        u1_0.id,
        u1_0.password,
        u1_0.rol,
        u1_0.username
    from
        usuarios u1_0
    where
        u1_0.username=?
Hibernate:
    select
        p1_0.id,
        p1_0.activo,
        p1_0.codigo,
        p1_0.descripcion,
        p1_0.nombre,
        p1_0.precio_mayorista,
        p1_0.precio_minorista,
        p1_0.stock_actual,
        p1_0.version
    from
        productos p1_0
Hibernate:
    select
        u1_0.id,
        u1_0.password,
        u1_0.rol,
        u1_0.username
    from
        usuarios u1_0
    where
        u1_0.username=?
Hibernate:
    select
        p1_0.id,
        p1_0.activo,
        p1_0.codigo,
        p1_0.descripcion,
        p1_0.nombre,
        p1_0.precio_mayorista,
        p1_0.precio_minorista,
        p1_0.stock_actual,
        p1_0.version
    from
        productos p1_0
